[qureskincaredns.com/live-homepage.html]
[www.qureskincare.com/cdn/shop/files/favicon-transparent_32x32eefb.png]
[backblue.gif]
[fade.gif]
[index.html]
[www.qureskincare.com/cdn/shop/t/106/assets/__app-styles4183.css]
[qureskincaredns.com/owl.video.play.png]
[qureskincaredns.com/ajax-loader.gif]
[qureskincaredns.com/fonts/slick.eot]
[qureskincaredns.com/fonts/slickd41d.eot]
[qureskincaredns.com/fonts/slick.woff]
[qureskincaredns.com/fonts/slick.ttf]
[qureskincaredns.com/fonts/slick.svg]
[qureskincaredns.com/__fend_await_vendors.js]
[qureskincaredns.com/index.html]
[qureskincaredns.com/__fend_await_theme.js]
[qureskincaredns.com/__fend_widget.min.js]
[www.qureskincare.com/cdn/shop/t/106/assets/__app-jquery594e.js]
[amplify.outbrain.com/cp/obtp.js]
[static.myshlf.us/Affiliates/sms_aff_clicktrack.js]
[cdn.taboola.com/libtrc/unip/1355029/tfa.js]
[connect.facebook.net/en_US/fbevents.js]
[static.runconverge.com/convergepixelV3.min.js]
[static.klaviyo.com/onsite/js/klaviyob737.js]
[qureskincaredns.com/pages/privacy-page.16.delayed]
[qureskincaredns.com/pages/terms-and-conditions]
[qureskincaredns.com/cart]
[www.qureskincare.com/cdn/shop/t/106/assets/percent_icon0842.png]
[qureskincaredns.com/pages/microinfusion]
[cdn.shopify.com/s/files/1/0441/1431/3365/files/LED-Mask---Mask-with-iPhone-red-blue-light-v2_1e278.png]
[cdn.shopify.com/s/files/1/0441/1431/3365/files/payment_2a659.png]
[qureskincaredns.com/products/q-rejuvalight-pro-facewear]
[qureskincaredns.com/products/neck-decolletage-led]
[qureskincaredns.com/products/face-serum]
[qureskincaredns.com/pages/micro-infusion-refill]
[qureskincaredns.com/blogs/light-therapy]
[www.qureskincare.com/cdn/shop/files/mobile_icon_17fe9.png]
[www.qureskincare.com/cdn/shop/files/mobile_icon_21329.png]
[www.qureskincare.com/cdn/shop/files/mobile_icon_318fd.png]
[qureskincaredns.com/pages/faqs]
[qureskincaredns.com/pages/skin-consultation]
[qureskincaredns.com/pages/contact-us]
[qureskincaredns.com/account/login]
[www.qureskincare.com/cdn/shop/files/Qure-Logo5063.png]
[qureskincaredns.com/blogs/all]
[cdn.shopify.com/s/files/1/0441/1431/3365/files/Group_7e4bf.png]
[cdn.shopify.com/s/files/1/0441/1431/3365/files/Group_389_1e4bf.png]
[cdn.shopify.com/s/files/1/0441/1431/3365/files/Group_390_1e4bf.png]
[qureskincaredns.com/pages/our-story.2e.delayed]
[qureskincaredns.com/pages/qure-skincare-app]
[cdn.shopify.com/s/files/1/0441/1431/3365/files/support3212.png]
[qureskincaredns.com/account.31.delayed]
[cdn.shopify.com/s/files/1/0441/1431/3365/files/avatare267.png]
[cdn.shopify.com/s/files/1/0441/1431/3365/files/shopping-bag61b6.png]
[qureskincaredns.com/collections/best-sellers]
[www.qureskincare.com/cdn/shop/files/FKP_1182v1_4_37108.png]
[cdn.shopify.com/s/files/1/0441/1431/3365/files/FKP_1182v1_4_485ca.png]
[cdn.shopify.com/s/files/1/0441/1431/3365/files/Object_101bfa19-47d9-467c-bc2b-6ce39c5c3cbe2910.png]
[cdn.shopify.com/s/files/1/0441/1431/3365/files/Object_1_616cbf65-28ca-4c5a-b865-814b33e9c8002910.png]
[cdn.shopify.com/s/files/1/0441/1431/3365/files/Object_2_c8358e9e-7187-47e5-a98f-dd3bd42212512910.png]
[cdn.shopify.com/s/files/1/0441/1431/3365/files/Object_3_ef74dc7a-eaeb-4dae-a749-bbb898e67e5d2910.png]
[cdn.shopify.com/s/files/1/0441/1431/3365/files/Object_4_035b120a-5b94-4753-9da0-1a9f83c660e32910.png]
[cdn.shopify.com/s/files/1/0441/1431/3365/files/Mask_Group_ea265c65-d107-4d59-b0a6-e8ae6bb2e228bc90.png]
[www.qureskincare.com/cdn/shop/files/img-16_250x29f6.png]
[cdn.shopify.com/s/files/1/0441/1431/3365/files/Group_1949_27774a2e-20e7-458d-986a-a712a29a29ea_150x4ac3.png]
[cdn.shopify.com/s/files/1/0441/1431/3365/files/safe-and-easy_250x6a4d.png]
[cdn.shopify.com/s/files/1/0441/1431/3365/files/Rectangle_171_2_10d5db6b-dae7-4552-8b9b-b8b3523f433d_150x4ac3.png]
[cdn.shopify.com/s/files/1/0441/1431/3365/files/saves-you-time_250xa2b6.png]
[cdn.shopify.com/s/files/1/0441/1431/3365/files/Rectangle_173_c4f47fba-2a53-4a84-9046-1c97f4103862_150x4ac3.png]
[cdn.shopify.com/s/files/1/0441/1431/3365/files/Frame_1666_4e9faf44-26f3-4ecb-92f6-dbca6e2994c7_250x176e.png]
[cdn.shopify.com/s/files/1/0441/1431/3365/files/Frame_1666_1_150x4ac3.png]
[www.qureskincare.com/cdn/shop/files/2774682639168e920.png]
[cdn.shopify.com/s/files/1/0441/1431/3365/files/before-01_300xae84.png]
[cdn.shopify.com/s/files/1/0441/1431/3365/files/after-01_300x0b3c.png]
[cdn.shopify.com/s/files/1/0441/1431/3365/files/Mask_Group_1_e0b6911d-ab61-4fe3-bf10-e6ea479e7fac_300x59b6.png]
[cdn.shopify.com/s/files/1/0441/1431/3365/files/led-thumbnail-01_300x002e.png]
[cdn.shopify.com/s/files/1/0441/1431/3365/files/before-02_300x6fe5.png]
[cdn.shopify.com/s/files/1/0441/1431/3365/files/after-02_300x6fe5.png]
[cdn.shopify.com/s/files/1/0441/1431/3365/files/Mask_Group_2_691be485-2bf6-411a-ab5e-5be7676bd908_300x3585.png]
[cdn.shopify.com/s/files/1/0441/1431/3365/files/before-03_300xa1fc.png]
[cdn.shopify.com/s/files/1/0441/1431/3365/files/after-03_300xa1fc.png]
[cdn.shopify.com/s/files/1/0441/1431/3365/files/mi-thumbnail-01_300x238a.png]
[cdn.shopify.com/s/files/1/0441/1431/3365/files/before-04_300x4abf.png]
[cdn.shopify.com/s/files/1/0441/1431/3365/files/after-04_300x4abf.png]
[cdn.shopify.com/s/files/1/0441/1431/3365/files/Ellipse_66_94c51ed0-353c-422b-92a0-6d40820255ee233f.png]
[cdn.shopify.com/s/files/1/0441/1431/3365/files/Ellipse_65_f608bc10-0768-4a1b-bba1-431611b8b0bd233f.png]
[cdn.shopify.com/s/files/1/0441/1431/3365/files/doctorly-thumbnail-0105dd.png]
[cdn.shopify.com/s/files/1/0441/1431/3365/files/doctorlyYT-Thumbnail-Doctorly_2afba.png]
[cdn.shopify.com/s/files/1/0441/1431/3365/files/Mask_Group_3_b600ea99-8183-4481-8247-2f5746d9f238baa7.png]
[cdn.shopify.com/s/files/1/0441/1431/3365/files/Mask_Group_4_08156cb6-4fa4-4af4-85e0-5811f00f8881baa7.png]
[cdn.shopify.com/s/files/1/0441/1431/3365/files/image_14_a9293908-d280-42f0-a532-db048dcd26febaa7.png]
[cdn.shopify.com/s/files/1/0441/1431/3365/files/serum_b9626cec-ca60-440d-8f2e-60839786e3e54d58.png]
[cdn.shopify.com/s/files/1/0441/1431/3365/files/led-thumbnail-01002e.png]
[cdn.shopify.com/s/files/1/0441/1431/3365/files/mi590f.png]
[www.qureskincare.com/cdn/shop/files/led-mask-comparison18c1.png]
[www.qureskincare.com/cdn/shop/files/derm-clinic-comparisond178.png]
[cdn.shopify.com/s/files/1/0441/1431/3365/files/bright-010d19.png]
[cdn.shopify.com/s/files/1/0441/1431/3365/files/bright-0282ac.png]
[cdn.shopify.com/s/files/1/0441/1431/3365/files/bright-037698.png]
[cdn.shopify.com/s/files/1/0441/1431/3365/files/bright-047698.png]
[cdn.shopify.com/s/files/1/0441/1431/3365/files/instagram_89ddbc5e-6c38-411f-8168-6a07aa0efc6b654f.png]
[cdn.shopify.com/s/files/1/0441/1431/3365/files/facebook_ae821d9f-bdff-4787-9128-e826431620da30b7.png]
[cdn.shopify.com/s/files/1/0441/1431/3365/files/Group_2001a689.png]
[cdn.shopify.com/s/files/1/0441/1431/3365/files/Youtube_baa6b9a9-e25c-4c3d-98cb-b3ed3022ba8ebceb.png]
[www.qureskincare.com/cdn/shop/files/Qure-Footer-Logo0358.png]
[qureskincaredns.com/pages/return-policy.67.delayed]
[qureskincaredns.com/pages/affiliate-page]
[qureskincaredns.com/pages/become-stockist]
[www.qureskincare.com/cdn/shop/files/apple-store-app73bf.png]
[www.qureskincare.com/cdn/shop/files/Google_Play_Storeeb7c.png]
[loox.io/widget/E1ZblPXTmc/loox.1616132048552d123.js]
[use.fontawesome.com/1ffda683c2.js]
[www.qureskincare.com/cdn/shop/t/106/assets/vendorsaab1.js]
[qureskincaredns.com/live-homepage.html]
[www.qureskincare.com/cdn/shop/t/106/assets/theme1477.js]
[www.qureskincare.com/cdn/shop/t/106/assets/ajax-loader.gif]
[www.qureskincare.com/cdn/shop/t/106/assets/image/Play.71.delayed]
[www.qureskincare.com/cdn/shop/files/play-2715d.png]
[www.qureskincare.com/cdn/shop/files/pause715d.png]
[www.qureskincare.com/cdn/shop/files/mute715d.png]
[www.qureskincare.com/cdn/shop/files/speaker2715d.png]
[www.qureskincare.com/cdn/shop/files/Group_3076790.png]
[www.qureskincare.com/cdn/shop/files/Imageryc7a5.png]
[www.qureskincare.com/cdn/shop/files/Imagery_10a39.png]
[www.qureskincare.com/cdn/shop/files/Vector_9bc69.png]
[www.qureskincare.com/cdn/shop/files/Group_82813a4.png]
[www.qureskincare.com/cdn/shop/files/Group_1025568e.png]
[www.qureskincare.com/cdn/shop/files/Pathc400.png]
[www.qureskincare.com/cdn/shop/files/icons8-right_arrow_878892ea-9ccf-4515-8710-95535e583946c648.png]
[www.qureskincare.com/cdn/shop/files/Untitled-455fd.png]
[www.qureskincare.com/cdn/shop/files/Untitled-56e96.png]
[www.qureskincare.com/cdn/shop/files/Rounded-Rectangle-1-copy-2af80.png]
[www.qureskincare.com/cdn/shop/files/FKP_1891_bc577cfb-0ed8-4197-88fb-e8f9db501c7d17cf.jpg]
[www.qureskincare.com/cdn/shop/files/Color-Fill-43a74.jpg]
[www.qureskincare.com/cdn/shop/files/banner028281.png]
[www.qureskincare.com/cdn/shop/files/image_2023_04_25T11_39_28_203Zd0ad.png]
[www.qureskincare.com/cdn/shop/files/Rectangle_Copy_d2b915d2-bb29-40e3-a431-d9db34c7a7dd4ca1.png]
[www.qureskincare.com/cdn/shop/files/Rectangle_Copy_f066bf24-066f-416d-b7eb-f567ab8e9ce5b97f.png]
[www.qureskincare.com/cdn/shop/files/Group_20190dd5.png]
[www.qureskincare.com/cdn/shop/files/Group_2019_1e149.png]
[www.qureskincare.com/cdn/shop/files/Union997a.png]
[www.qureskincare.com/cdn/shop/files/Path_a399b0ef-4959-4fa2-9a14-cec8ce5d7ac224c6.png]
[www.qureskincare.com/cdn/shop/files/Vector_10_2c1b681d-9c40-4f1f-9935-7be3e3de67d6b719.png]
[www.qureskincare.com/cdn/shop/files/Vector_8_f4114d8c-4cc0-48b2-bf5c-24633030d403971d.png]
[www.qureskincare.com/cdn/shop/files/image_2023_02_15T06_41_35_391Zef63.png]
[www.qureskincare.com/cdn/shop/files/image_2023_03_04T09_51_24_217Z75c3.png]
[www.qureskincare.com/cdn/shop/files/FEATURE_INb6e9.png]
[www.qureskincare.com/cdn/shop/t/106/assets/__app-styles4183.css]
[qureskincaredns.com/owl.video.play.html]
[qureskincaredns.com/ajax-loader.html]
[qureskincaredns.com/fonts/slick.html]
[qureskincaredns.com/fonts/slickd41d.html]
[qureskincaredns.com/fonts/slick-2.html]
[qureskincaredns.com/fonts/slick-3.html]
[qureskincaredns.com/fonts/slick-4.html]
[qureskincaredns.com/index.html]
[qureskincaredns.com/__fend_await_vendors.html]
[qureskincaredns.com/__fend_await_theme.html]
[qureskincaredns.com/__fend_widget.min.html]
[amplify.outbrain.com/cp/obtp.js]
[www.googletagmanager.com/gtm5445.html]
[qureskincaredns.com/a.90.delayed]
[qureskincaredns.com/POST.91.delayed]
[qureskincaredns.com/b.resolvedLink]
[qureskincaredns.com/signals/iwl.js]
[connect.facebook.net/en_US/fbevents.js]
[qureskincaredns.com/pages/privacy-page.html]
[qureskincaredns.com/pages/terms-and-conditions.html]
[qureskincaredns.com/cart.html]
[qureskincaredns.com/pages/microinfusion.html]
[qureskincaredns.com/products/q-rejuvalight-pro-facewear.html]
[qureskincaredns.com/products/neck-decolletage-led.html]
[qureskincaredns.com/products/face-serum.html]
[qureskincaredns.com/pages/micro-infusion-refill.html]
[qureskincaredns.com/blogs/light-therapy.html]
[qureskincaredns.com/pages/faqs.html]
[qureskincaredns.com/pages/skin-consultation.html]
[qureskincaredns.com/pages/contact-us.html]
[qureskincaredns.com/account/login.html]
[qureskincaredns.com/blogs/all.html]
[qureskincaredns.com/pages/our-story.html]
[qureskincaredns.com/pages/qure-skincare-app.html]
[qureskincaredns.com/account.html]
[qureskincaredns.com/collections/best-sellers.html]
[qureskincaredns.com/pages/return-policy.html]
[qureskincaredns.com/pages/affiliate-page.html]
[qureskincaredns.com/pages/become-stockist.html]
[www.qureskincare.com/cdn/shop/t/106/assets/image/Play.html]
[qureskincaredns.com/a.html]
[qureskincaredns.com/POST.html]
[qureskincaredns.com/schema.org/index.html]
[qureskincaredns.com/schema.org/index.html]
[qureskincaredns.com/b.html]
[qureskincaredns.com/signals/iwl.html]
[analytics.tiktok.com/i18n/pixel/events.js]
